---
source: tests/flow_demo.rs
expression: stdout
---
# GET /users/active

**Controller**: `com.example.demo.controller.UserController#findActive()`
**File**: `demo-api/demo/src/main/java/com/example/demo/controller/UserController.java:LINE`

## Call sequence

- `UserController#findActive()`
  - `UserService#findActive()` *[resolved]*
    - `UserRepository#findAll()` *[external - Spring Data JPA]*
    - `ArrayList#<init>()` *[external - JDK library]*
    - loop for-each `User user : users`:
      - body:
        - `User#getActive()` *[resolved]*
        - `Boolean#equals(_)` *[external - JDK library]*
        - if Boolean.TRUE.equals(user.getActive()):
          - `UserService#toResponse(User)` *[resolved]*
            - `User#getId()` *[resolved]*
            - `User#getName()` *[resolved]*
            - `User#getEmail()` *[resolved]*
            - `User#getAge()` *[resolved]*
            - `User#getActive()` *[resolved]*
            - `UserResponse#<init>(Long, String, String, Integer, Boolean)` *[resolved]*
          - `List#add(_)` *[external - JDK library]*
    - `List#forEach(Consumer)` *[control - traversal]*
      - loop forEach `List.forEach`:
        - body:
          - method ref `this::requireResponseEmail`:
            - `UserService#requireResponseEmail(UserResponse)` *[resolved]*
              - `UserResponse#getEmail()` *[resolved]*
              - if response.getEmail() == null: *(terminates)*
                - `IllegalStateException#<init>(_)` *[external - JDK library]*

## Inputs

- None

## Unresolved / external

- `UserRepository#findAll()` - `external` (Spring Data JPA)

## Notes

- Stream, Optional, and common JDK chain operators use a small hardcoded return-shape table; this is not a general type inferencer.
- Optional.orElseThrow return type is flattened to Object; generic-aware unwrapping is intentionally deferred.
- Optional present/empty behavior is rendered structurally, but JFM does not predict which arm runs for a request.
- AOP, @Transactional, @ControllerAdvice, DI qualifiers, Lombok, and Bean Validation are not modeled.
