---
source: tests/flow_demo.rs
expression: stdout
---
```mermaid
sequenceDiagram
    participant UserController
    participant UserService
    participant UserRepository
    participant Optional
    participant BusinessException
    participant ErrorCode
    participant User
    participant Boolean
    UserController->>UserService: delete(Long)
    UserService->>UserService: findUserOrThrow(Long)
    UserService->>UserRepository: findById(Long)
    Note over UserRepository: external (Spring Data JPA)
    UserService->>Optional: orElseThrow(Supplier)
    Note over Optional: control flow (Optional)
    alt optional present
    else optional empty
    Optional->>BusinessException: <init>(...)
    BusinessException->>ErrorCode: getDefaultMessage()
    end
    UserService->>User: getActive()
    UserService->>Boolean: equals(_)
    alt Boolean.TRUE.equals(user.getActive())
    UserService->>BusinessException: <init>(...)
    BusinessException->>ErrorCode: getDefaultMessage()
    end
    UserService->>UserRepository: delete(User)
    Note over UserRepository: external (Spring Data JPA)
    %% Notes:
    %% - Stream, Optional, and common JDK chain operators use a small hardcoded return-shape table; this is not a general type inferencer.
    %% - Optional.orElseThrow return type is flattened to Object; generic-aware unwrapping is intentionally deferred.
    %% - Optional present/empty behavior is rendered structurally, but JFM does not predict which arm runs for a request.
    %% - AOP, @Transactional, @ControllerAdvice, DI qualifiers, Lombok, and Bean Validation are not modeled.
    %% - Return arrows are not rendered: CallNode does not yet track return types.
```
