---
source: crates/jfm-cli/tests/flow_demo.rs
expression: stdout
---
```mermaid
flowchart TD
    n0[["UserController#update(Long, UpdateUserRequest)"]]
    n1[["UserService#update(Long, UpdateUserRequest)"]]
    n0 --> n1
    n1 --> n2
    subgraph sg0["findUserOrThrow"]
        direction LR
        n2[["UserService#findUserOrThrow(Long)"]]
        n3{{"Optional#orElseThrow(Supplier) - control flow (Optional)"}}
        n2 --> n3
        n4(["UserRepository#findById(Long) - external (Spring Data JPA)"])
        n3 -->|"input"| n4
        n5["lambda: () -> new BusinessException(ErrorCode.USER_NOT_FOUND)"]
        n3 -->|"empty"| n5
    end
    subgraph sg1["BusinessException"]
        direction LR
        n6[["BusinessException#<init>(ErrorCode)"]]
        n7[["ErrorCode#getDefaultMessage()"]]
        n6 --> n7
        n8(["terminates"])
        n7 -->|"terminates"| n8
    end
    n5 --> n6
    n9{"if Boolean.FALSE.equals(user.getActive()) && request.getEmail() != null"}
    n2 --> n9
    n10[["User#getActive()"]]
    n9 -->|"condition"| n10
    n11[["UpdateUserRequest#getEmail()"]]
    n9 -->|"condition"| n11
    n9 -->|"then terminates"| n6
    n12{"if request.getEmail() != null &&                 !request.getEmail().equalsIgnoreCase(user.getEmail())"}
    n9 --> n12
    n13[["UpdateUserRequest#getEmail()"]]
    n12 -->|"condition"| n13
    n14[["UpdateUserRequest#getEmail()"]]
    n12 -->|"condition"| n14
    n15[["User#getEmail()"]]
    n14 --> n15
    n12 -->|"then"| n16
    n17[["UpdateUserRequest#getEmail()"]]
    n16 -->|"input"| n17
    subgraph sg2["validateEmailUniqueness"]
        direction LR
        n16[["UserService#validateEmailUniqueness(String)"]]
        n21{"if repository.existsByEmail(normalized)"}
        n22(["UserRepository#existsByEmail(String) - external (Spring Data JPA)"])
        n21 -->|"condition"| n22
    end
    n16 --> n18
    n18 --> n21
    n21 -->|"then terminates"| n6
    subgraph sg3["normalizeEmail"]
        direction LR
        n18[["Normalizers#normalizeEmail(String)"]]
        n19{"if email == null"}
        n18 --> n19
        n20(["terminates"])
        n19 -->|"then terminates"| n20
    end
    n23[["User#setEmail(String)"]]
    n16 --> n23
    n23 -->|"input"| n18
    n24[["UpdateUserRequest#getEmail()"]]
    n18 -->|"input"| n24
    n25{"if request.getName() != null"}
    n23 --> n25
    n12 --> n25
    n26[["UpdateUserRequest#getName()"]]
    n25 -->|"condition"| n26
    n27[["User#setName(String)"]]
    n25 -->|"then"| n27
    n28[["UpdateUserRequest#getName()"]]
    n27 -->|"input"| n28
    n29{"if request.getAge() != null"}
    n27 --> n29
    n25 --> n29
    n30[["UpdateUserRequest#getAge()"]]
    n29 -->|"condition"| n30
    n31{"if request.getAge() < 18"}
    n29 -->|"then"| n31
    n32[["UpdateUserRequest#getAge()"]]
    n31 -->|"condition"| n32
    n31 -->|"then terminates"| n6
    n33[["User#setAge(Integer)"]]
    n31 --> n33
    n34[["UpdateUserRequest#getAge()"]]
    n33 -->|"input"| n34
    n35{"switch activeChange(user, request.getActive())"}
    n33 --> n35
    n29 --> n35
    n35 -->|"condition"| n36
    n37[["UpdateUserRequest#getActive()"]]
    n36 -->|"input"| n37
    subgraph sg4["activeChange"]
        direction LR
        n36[["UserService#activeChange(User, Boolean)"]]
        n38{"if requestedActive == null || requestedActive.equals(user.getActive())"}
        n36 --> n38
        n39[["User#getActive()"]]
        n38 -->|"condition"| n39
        n40(["terminates"])
        n38 -->|"then terminates"| n40
        n41{"if Boolean.TRUE.equals(requestedActive)"}
        n38 --> n41
        n42(["terminates"])
        n41 -->|"then terminates"| n42
    end
    n43[["User#setActive(Boolean)"]]
    n35 -->|"case ACTIVATE"| n43
    n44[["User#setActive(Boolean)"]]
    n35 -->|"case DEACTIVATE"| n44
    n45{"ternary request.getActive() == null"}
    n43 --> n45
    n44 --> n45
    n35 --> n45
    n46[["UpdateUserRequest#getActive()"]]
    n45 -->|"condition"| n46
    n45 -->|"then"| n47
    subgraph sg5["unchangedStatus"]
        direction LR
        n47[["UserService#unchangedStatus(User)"]]
        n48[["User#getActive()"]]
        n47 --> n48
    end
    n45 -->|"else"| n49
    subgraph sg6["requestedStatus"]
        direction LR
        n49[["UserService#requestedStatus(UpdateUserRequest)"]]
        n50[["UpdateUserRequest#getActive()"]]
        n49 --> n50
    end
    n51{"try/catch"}
    n47 --> n51
    n49 --> n51
    n51 -->|"try"| n52
    subgraph sg7["recordUpdateStatus"]
        direction LR
        n52[["UserService#recordUpdateStatus(String)"]]
    end
    n53[["UserService#recoverUpdateStatus(IllegalArgumentException)"]]
    n51 -->|"catch IllegalArgumentException ex"| n53
    n51 -->|"finally"| n54
    subgraph sg8["auditUpdateAttempt"]
        direction LR
        n54[["UserService#auditUpdateAttempt(User)"]]
        n55[["User#getId()"]]
        n54 --> n55
    end
    n56(["UserRepository#save(User) - external (Spring Data JPA)"])
    n52 --> n56
    n53 --> n56
    n54 --> n56
    n56 --> n57
    subgraph sg9["toResponse"]
        direction LR
        n57[["UserService#toResponse(User)"]]
        n58[["UserResponse#<init>(Long, String, String, Integer, Boolean)"]]
        n57 --> n58
        n59[["User#getId()"]]
        n58 -->|"input"| n59
        n60[["User#getName()"]]
        n58 -->|"input"| n60
        n61[["User#getEmail()"]]
        n58 -->|"input"| n61
        n62[["User#getAge()"]]
        n58 -->|"input"| n62
        n63[["User#getActive()"]]
        n58 -->|"input"| n63
    end
    classDef exceptionFlow fill:#fde2e2,stroke:#dc2626,color:#7f1d1d
    class n6,n7,n8 exceptionFlow
    %% Notes:
    %% - Stream, Optional, and common JDK chain operators use a small hardcoded return-shape table; this is not a general type inferencer.
    %% - Optional.orElseThrow return type is flattened to Object; generic-aware unwrapping is intentionally deferred.
    %% - Optional present/empty behavior is rendered structurally, but JFM does not predict which arm runs for a request.
    %% - AOP, @Transactional, @ControllerAdvice, DI qualifiers, and Lombok are not modeled.
```
