---
source: crates/jfm-cli/tests/flow_demo.rs
expression: stdout
---
```mermaid
flowchart TD
    n0[["UserController#findActive()"]]
    n1[["UserService#findActive()"]]
    n0 --> n1
    n2(["UserRepository#findAll() - external (Spring Data JPA)"])
    n1 --> n2
    n3{{"loop for-each User user : users (0..n)"}}
    n2 --> n3
    n4{"if Boolean.TRUE.equals(user.getActive())"}
    n3 -->|"body"| n4
    n5[["User#getActive()"]]
    n4 -->|"condition"| n5
    n4 -->|"then"| n6
    subgraph sg0["toResponse"]
        direction LR
        n6[["UserService#toResponse(User)"]]
        n7[["UserResponse#<init>(Long, String, String, Integer, Boolean)"]]
        n6 --> n7
        n8[["User#getId()"]]
        n7 -->|"input"| n8
        n9[["User#getName()"]]
        n7 -->|"input"| n9
        n10[["User#getEmail()"]]
        n7 -->|"input"| n10
        n11[["User#getAge()"]]
        n7 -->|"input"| n11
        n12[["User#getActive()"]]
        n7 -->|"input"| n12
    end
    n6 -->|"next"| n3
    n4 -->|"next"| n3
    n13{{"List#forEach(Consumer) - control flow (traversal)"}}
    n3 --> n13
    n14{{"loop forEach List.forEach (0..n)"}}
    n13 --> n14
    n15["method ref: this::requireResponseEmail"]
    n14 -->|"body"| n15
    n15 --> n16
    subgraph sg1["requireResponseEmail"]
        direction LR
        n16[["UserService#requireResponseEmail(UserResponse)"]]
        n17{"if response.getEmail() == null"}
        n16 --> n17
        n18[["UserResponse#getEmail()"]]
        n17 -->|"condition"| n18
        n19(["terminates"])
        n17 -->|"terminates"| n19
    end
    n16 -->|"next"| n14
    %% Notes:
    %% - Stream, Optional, and common JDK chain operators use a small hardcoded return-shape table; this is not a general type inferencer.
    %% - Optional.orElseThrow return type is flattened to Object; generic-aware unwrapping is intentionally deferred.
    %% - Optional present/empty behavior is rendered structurally, but JFM does not predict which arm runs for a request.
    %% - AOP, @Transactional, @ControllerAdvice, DI qualifiers, and Lombok are not modeled.
```
