---
source: crates/jfm-cli/tests/flow_demo.rs
expression: stdout
---
# PUT /users/{id}

**Controller**: `com.example.demo.controller.UserController#update(Long, UpdateUserRequest)`
**File**: `demo-api/demo/src/main/java/com/example/demo/controller/UserController.java:LINE`

## Call sequence

- `UserController#update(Long, UpdateUserRequest)`
  - `UserService#update(Long, UpdateUserRequest)` *[resolved]*
    - `UserService#findUserOrThrow(Long)` *[resolved]*
      - `Optional#orElseThrow(Supplier)` *[control - Optional]*
        - inputs:
          - `UserRepository#findById(Long)` *[external - Spring Data JPA]*
        - optional present:
        - optional empty: *(terminates)*
          - lambda `() -> new BusinessException(ErrorCode.USER_NOT_FOUND)`:
            - `BusinessException#<init>(ErrorCode)` *[resolved]*
              - `ErrorCode#getDefaultMessage()` *[resolved]*
    - if Boolean.FALSE.equals(user.getActive()) && request.getEmail() != null: *(terminates)*
      - condition:
        - `User#getActive()` *[resolved]*
        - `UpdateUserRequest#getEmail()` *[resolved]*
      - `BusinessException#<init>(ErrorCode)` *(see above)*
    - if request.getEmail() != null &&
                !request.getEmail().equalsIgnoreCase(user.getEmail()):
      - condition:
        - `UpdateUserRequest#getEmail()` *[resolved]*
        - `UpdateUserRequest#getEmail()` *[resolved]*
        - `User#getEmail()` *[resolved]*
      - `UserService#validateEmailUniqueness(String)` *[resolved]*
        - inputs:
          - `UpdateUserRequest#getEmail()` *[resolved]*
        - `Normalizers#normalizeEmail(String)` *[resolved]*
          - if email == null: *(terminates)*
        - if repository.existsByEmail(normalized): *(terminates)*
          - condition:
            - `UserRepository#existsByEmail(String)` *[external - Spring Data JPA]*
          - `BusinessException#<init>(ErrorCode)` *(see above)*
      - `User#setEmail(String)` *[resolved]*
        - inputs:
          - `Normalizers#normalizeEmail(String)` *(see above)*
    - if request.getName() != null:
      - condition:
        - `UpdateUserRequest#getName()` *[resolved]*
      - `User#setName(String)` *[resolved]*
        - inputs:
          - `UpdateUserRequest#getName()` *[resolved]*
    - if request.getAge() != null:
      - condition:
        - `UpdateUserRequest#getAge()` *[resolved]*
      - if request.getAge() < 18: *(terminates)*
        - condition:
          - `UpdateUserRequest#getAge()` *[resolved]*
        - `BusinessException#<init>(ErrorCode)` *(see above)*
      - `User#setAge(Integer)` *[resolved]*
        - inputs:
          - `UpdateUserRequest#getAge()` *[resolved]*
    - case ACTIVATE:
      - condition:
        - `UserService#activeChange(User, Boolean)` *[resolved]*
          - inputs:
            - `UpdateUserRequest#getActive()` *[resolved]*
          - if requestedActive == null || requestedActive.equals(user.getActive()): *(terminates)*
            - condition:
              - `User#getActive()` *[resolved]*
          - if Boolean.TRUE.equals(requestedActive): *(terminates)*
            - condition:
      - `User#setActive(Boolean)` *[resolved]*
    - case DEACTIVATE:
      - `User#setActive(Boolean)` *[resolved]*
    - case UNCHANGED:
    - ternary request.getActive() == null:
      - condition:
        - `UpdateUserRequest#getActive()` *[resolved]*
      - `UserService#unchangedStatus(User)` *[resolved]*
        - `User#getActive()` *[resolved]*
    - else:
      - `UserService#requestedStatus(UpdateUserRequest)` *[resolved]*
        - `UpdateUserRequest#getActive()` *[resolved]*
    - try:
      - `UserService#recordUpdateStatus(String)` *[resolved]*
    - catch IllegalArgumentException ex:
      - `UserService#recoverUpdateStatus(IllegalArgumentException)` *[resolved]*
    - finally:
      - `UserService#auditUpdateAttempt(User)` *[resolved]*
        - `User#getId()` *[resolved]*
    - `UserRepository#save(User)` *[external - Spring Data JPA]*
    - `UserService#toResponse(User)` *[resolved]*
      - `UserResponse#<init>(Long, String, String, Integer, Boolean)` *[resolved]*
        - inputs:
          - `User#getId()` *[resolved]*
          - `User#getName()` *[resolved]*
          - `User#getEmail()` *[resolved]*
          - `User#getAge()` *[resolved]*
          - `User#getActive()` *[resolved]*

## Inputs

- `id: Long` *(path variable)*
- `request: UpdateUserRequest` *(request body)*
  - validations:
    - `name`: `@Size(min = 3, max = 120)`
    - `email`: `@Email(message = ValidationMessages.INVALID_EMAIL)`, `@CompanyEmail` *(custom validator: `CompanyEmailValidator`)*
    - `age`: `@Min(value = 18, message = ValidationMessages.AGE_MINIMUM)`, `@Max(value = 120)`

## Unresolved / external

- `UserRepository#existsByEmail(String)` - `external` (Spring Data JPA)
- `UserRepository#findById(Long)` - `external` (Spring Data JPA)
- `UserRepository#save(User)` - `external` (Spring Data JPA)

## Notes

- Stream, Optional, and common JDK chain operators use a small hardcoded return-shape table; this is not a general type inferencer.
- Optional.orElseThrow return type is flattened to Object; generic-aware unwrapping is intentionally deferred.
- Optional present/empty behavior is rendered structurally, but JFM does not predict which arm runs for a request.
- AOP, @Transactional, @ControllerAdvice, DI qualifiers, and Lombok are not modeled.
- Repeated subtrees elided after first appearance (see above).
