---
source: crates/jfm-cli/tests/flow_demo.rs
expression: stdout
---
```mermaid
flowchart TD
    n0[["UserController#findById(Long)"]]
    n1[["UserService#findById(Long)"]]
    n0 --> n1
    n1 --> n2
    subgraph sg0["findUserOrThrow"]
        direction LR
        n2[["UserService#findUserOrThrow(Long)"]]
        n3{{"Optional#orElseThrow(Supplier) - control flow (Optional)"}}
        n2 --> n3
        n4(["UserRepository#findById(Long) - external (Spring Data JPA)"])
        n3 -->|"input"| n4
        n5["lambda: () -> new BusinessException(ErrorCode.USER_NOT_FOUND)"]
        n3 -->|"empty"| n5
    end
    subgraph sg1["BusinessException"]
        direction LR
        n6[["BusinessException#<init>(ErrorCode)"]]
        n7[["ErrorCode#getDefaultMessage()"]]
        n6 --> n7
        n8(["terminates"])
        n7 -->|"terminates"| n8
    end
    n5 --> n6
    n2 --> n9
    subgraph sg2["toResponse"]
        direction LR
        n9[["UserService#toResponse(User)"]]
        n10[["UserResponse#<init>(Long, String, String, Integer, Boolean)"]]
        n9 --> n10
        n11[["User#getId()"]]
        n10 -->|"input"| n11
        n12[["User#getName()"]]
        n10 -->|"input"| n12
        n13[["User#getEmail()"]]
        n10 -->|"input"| n13
        n14[["User#getAge()"]]
        n10 -->|"input"| n14
        n15[["User#getActive()"]]
        n10 -->|"input"| n15
    end
    classDef exceptionFlow fill:#fde2e2,stroke:#dc2626,color:#7f1d1d
    class n6,n7,n8 exceptionFlow
    %% Notes:
    %% - Stream, Optional, and common JDK chain operators use a small hardcoded return-shape table; this is not a general type inferencer.
    %% - Optional.orElseThrow return type is flattened to Object; generic-aware unwrapping is intentionally deferred.
    %% - Optional present/empty behavior is rendered structurally, but JFM does not predict which arm runs for a request.
    %% - AOP, @Transactional, @ControllerAdvice, DI qualifiers, and Lombok are not modeled.
```
