---
source: tests/flow_demo.rs
expression: stdout
---
{
  "endpoint": {
    "verb": "PUT",
    "path": "/users/{id}"
  },
  "controller": {
    "method": "com.example.demo.controller.UserController#update(Long, UpdateUserRequest)",
    "file": "demo-api/demo/src/main/java/com/example/demo/controller/UserController.java",
    "line": LINE
  },
  "inputs": [
    {
      "name": "id",
      "type": "Long",
      "source": "path"
    },
    {
      "name": "request",
      "type": "UpdateUserRequest",
      "source": "body"
    }
  ],
  "call_sequence": [
    {
      "type": "call",
      "method": "com.example.demo.service.UserService#update(Long, UpdateUserRequest)",
      "confidence": "resolved",
      "calls": [
        {
          "type": "call",
          "method": "com.example.demo.service.UserService#findUserOrThrow(Long)",
          "confidence": "resolved",
          "scope": "intra-class",
          "calls": [
            {
              "type": "call",
              "method": "Optional#orElseThrow(Supplier)",
              "confidence": "control",
              "control_kind": "optional",
              "inputs": [
                {
                  "type": "call",
                  "method": "com.example.demo.repository.UserRepository#findById(Long)",
                  "confidence": "external",
                  "external_kind": "spring-data",
                  "calls": []
                }
              ],
              "calls": [
                {
                  "type": "branch",
                  "kind": "optional",
                  "condition_src": "optional empty fallback",
                  "arms": [
                    {
                      "label": "present",
                      "terminates": false,
                      "children": []
                    },
                    {
                      "label": "empty",
                      "terminates": true,
                      "children": [
                        {
                          "type": "lambda",
                          "kind": "lambda",
                          "source": "() -> new BusinessException(ErrorCode.USER_NOT_FOUND)",
                          "children": [
                            {
                              "type": "call",
                              "method": "com.example.demo.exception.BusinessException#<init>(ErrorCode)",
                              "confidence": "resolved",
                              "calls": [
                                {
                                  "type": "call",
                                  "method": "com.example.demo.exception.ErrorCode#getDefaultMessage()",
                                  "confidence": "resolved",
                                  "calls": []
                                }
                              ]
                            }
                          ]
                        }
                      ]
                    }
                  ]
                }
              ]
            }
          ]
        },
        {
          "type": "branch",
          "kind": "if",
          "condition_src": "Boolean.FALSE.equals(user.getActive()) && request.getEmail() != null",
          "condition": [
            {
              "type": "call",
              "method": "Boolean#equals(_)",
              "confidence": "external",
              "external_kind": "jdk-library",
              "inputs": [
                {
                  "type": "call",
                  "method": "com.example.demo.entity.User#getActive()",
                  "confidence": "resolved",
                  "calls": []
                }
              ],
              "calls": []
            },
            {
              "type": "call",
              "method": "com.example.demo.dto.UpdateUserRequest#getEmail()",
              "confidence": "resolved",
              "calls": []
            }
          ],
          "arms": [
            {
              "label": "then",
              "terminates": true,
              "children": [
                {
                  "type": "call",
                  "method": "com.example.demo.exception.BusinessException#<init>(ErrorCode)",
                  "confidence": "resolved",
                  "calls": [
                    {
                      "type": "call",
                      "method": "com.example.demo.exception.ErrorCode#getDefaultMessage()",
                      "confidence": "resolved",
                      "calls": []
                    }
                  ]
                }
              ]
            }
          ]
        },
        {
          "type": "branch",
          "kind": "if",
          "condition_src": "request.getEmail() != null &&\n                !request.getEmail().equalsIgnoreCase(user.getEmail())",
          "condition": [
            {
              "type": "call",
              "method": "com.example.demo.dto.UpdateUserRequest#getEmail()",
              "confidence": "resolved",
              "calls": []
            },
            {
              "type": "call",
              "method": "String#equalsIgnoreCase(_)",
              "confidence": "external",
              "external_kind": "jdk-library",
              "inputs": [
                {
                  "type": "call",
                  "method": "com.example.demo.dto.UpdateUserRequest#getEmail()",
                  "confidence": "resolved",
                  "calls": []
                },
                {
                  "type": "call",
                  "method": "com.example.demo.entity.User#getEmail()",
                  "confidence": "resolved",
                  "calls": []
                }
              ],
              "calls": []
            }
          ],
          "arms": [
            {
              "label": "then",
              "terminates": false,
              "children": [
                {
                  "type": "call",
                  "method": "com.example.demo.service.UserService#validateEmailUniqueness(String)",
                  "confidence": "resolved",
                  "scope": "intra-class",
                  "inputs": [
                    {
                      "type": "call",
                      "method": "com.example.demo.dto.UpdateUserRequest#getEmail()",
                      "confidence": "resolved",
                      "calls": []
                    }
                  ],
                  "calls": [
                    {
                      "type": "call",
                      "method": "com.example.demo.util.Normalizers#normalizeEmail(String)",
                      "confidence": "resolved",
                      "calls": [
                        {
                          "type": "branch",
                          "kind": "if",
                          "condition_src": "email == null",
                          "arms": [
                            {
                              "label": "then",
                              "terminates": true,
                              "children": []
                            }
                          ]
                        },
                        {
                          "type": "call",
                          "method": "String#toLowerCase()",
                          "confidence": "external",
                          "external_kind": "jdk-library",
                          "inputs": [
                            {
                              "type": "call",
                              "method": "String#trim()",
                              "confidence": "external",
                              "external_kind": "jdk-library",
                              "calls": []
                            }
                          ],
                          "calls": []
                        }
                      ]
                    },
                    {
                      "type": "branch",
                      "kind": "if",
                      "condition_src": "repository.existsByEmail(normalized)",
                      "condition": [
                        {
                          "type": "call",
                          "method": "com.example.demo.repository.UserRepository#existsByEmail(String)",
                          "confidence": "external",
                          "external_kind": "spring-data",
                          "calls": []
                        }
                      ],
                      "arms": [
                        {
                          "label": "then",
                          "terminates": true,
                          "children": [
                            {
                              "type": "call",
                              "method": "com.example.demo.exception.BusinessException#<init>(ErrorCode)",
                              "confidence": "resolved",
                              "calls": [
                                {
                                  "type": "call",
                                  "method": "com.example.demo.exception.ErrorCode#getDefaultMessage()",
                                  "confidence": "resolved",
                                  "calls": []
                                }
                              ]
                            }
                          ]
                        }
                      ]
                    }
                  ]
                },
                {
                  "type": "call",
                  "method": "com.example.demo.entity.User#setEmail(String)",
                  "confidence": "resolved",
                  "inputs": [
                    {
                      "type": "call",
                      "method": "com.example.demo.util.Normalizers#normalizeEmail(String)",
                      "confidence": "resolved",
                      "inputs": [
                        {
                          "type": "call",
                          "method": "com.example.demo.dto.UpdateUserRequest#getEmail()",
                          "confidence": "resolved",
                          "calls": []
                        }
                      ],
                      "calls": [
                        {
                          "type": "branch",
                          "kind": "if",
                          "condition_src": "email == null",
                          "arms": [
                            {
                              "label": "then",
                              "terminates": true,
                              "children": []
                            }
                          ]
                        },
                        {
                          "type": "call",
                          "method": "String#toLowerCase()",
                          "confidence": "external",
                          "external_kind": "jdk-library",
                          "inputs": [
                            {
                              "type": "call",
                              "method": "String#trim()",
                              "confidence": "external",
                              "external_kind": "jdk-library",
                              "calls": []
                            }
                          ],
                          "calls": []
                        }
                      ]
                    }
                  ],
                  "calls": []
                }
              ]
            }
          ]
        },
        {
          "type": "branch",
          "kind": "if",
          "condition_src": "request.getName() != null",
          "condition": [
            {
              "type": "call",
              "method": "com.example.demo.dto.UpdateUserRequest#getName()",
              "confidence": "resolved",
              "calls": []
            }
          ],
          "arms": [
            {
              "label": "then",
              "terminates": false,
              "children": [
                {
                  "type": "call",
                  "method": "com.example.demo.entity.User#setName(String)",
                  "confidence": "resolved",
                  "inputs": [
                    {
                      "type": "call",
                      "method": "String#trim()",
                      "confidence": "external",
                      "external_kind": "jdk-library",
                      "inputs": [
                        {
                          "type": "call",
                          "method": "com.example.demo.dto.UpdateUserRequest#getName()",
                          "confidence": "resolved",
                          "calls": []
                        }
                      ],
                      "calls": []
                    }
                  ],
                  "calls": []
                }
              ]
            }
          ]
        },
        {
          "type": "branch",
          "kind": "if",
          "condition_src": "request.getAge() != null",
          "condition": [
            {
              "type": "call",
              "method": "com.example.demo.dto.UpdateUserRequest#getAge()",
              "confidence": "resolved",
              "calls": []
            }
          ],
          "arms": [
            {
              "label": "then",
              "terminates": false,
              "children": [
                {
                  "type": "branch",
                  "kind": "if",
                  "condition_src": "request.getAge() < 18",
                  "condition": [
                    {
                      "type": "call",
                      "method": "com.example.demo.dto.UpdateUserRequest#getAge()",
                      "confidence": "resolved",
                      "calls": []
                    }
                  ],
                  "arms": [
                    {
                      "label": "then",
                      "terminates": true,
                      "children": [
                        {
                          "type": "call",
                          "method": "com.example.demo.exception.BusinessException#<init>(ErrorCode)",
                          "confidence": "resolved",
                          "calls": [
                            {
                              "type": "call",
                              "method": "com.example.demo.exception.ErrorCode#getDefaultMessage()",
                              "confidence": "resolved",
                              "calls": []
                            }
                          ]
                        }
                      ]
                    }
                  ]
                },
                {
                  "type": "call",
                  "method": "com.example.demo.entity.User#setAge(Integer)",
                  "confidence": "resolved",
                  "inputs": [
                    {
                      "type": "call",
                      "method": "com.example.demo.dto.UpdateUserRequest#getAge()",
                      "confidence": "resolved",
                      "calls": []
                    }
                  ],
                  "calls": []
                }
              ]
            }
          ]
        },
        {
          "type": "branch",
          "kind": "switch",
          "condition_src": "activeChange(user, request.getActive())",
          "condition": [
            {
              "type": "call",
              "method": "com.example.demo.service.UserService#activeChange(User, Boolean)",
              "confidence": "resolved",
              "scope": "intra-class",
              "inputs": [
                {
                  "type": "call",
                  "method": "com.example.demo.dto.UpdateUserRequest#getActive()",
                  "confidence": "resolved",
                  "calls": []
                }
              ],
              "calls": [
                {
                  "type": "branch",
                  "kind": "if",
                  "condition_src": "requestedActive == null || requestedActive.equals(user.getActive())",
                  "condition": [
                    {
                      "type": "call",
                      "method": "Boolean#equals(_)",
                      "confidence": "external",
                      "external_kind": "jdk-library",
                      "inputs": [
                        {
                          "type": "call",
                          "method": "com.example.demo.entity.User#getActive()",
                          "confidence": "resolved",
                          "calls": []
                        }
                      ],
                      "calls": []
                    }
                  ],
                  "arms": [
                    {
                      "label": "then",
                      "terminates": true,
                      "children": []
                    }
                  ]
                },
                {
                  "type": "branch",
                  "kind": "if",
                  "condition_src": "Boolean.TRUE.equals(requestedActive)",
                  "condition": [
                    {
                      "type": "call",
                      "method": "Boolean#equals(_)",
                      "confidence": "external",
                      "external_kind": "jdk-library",
                      "calls": []
                    }
                  ],
                  "arms": [
                    {
                      "label": "then",
                      "terminates": true,
                      "children": []
                    }
                  ]
                }
              ]
            }
          ],
          "arms": [
            {
              "label": "ACTIVATE",
              "terminates": false,
              "children": [
                {
                  "type": "call",
                  "method": "com.example.demo.entity.User#setActive(Boolean)",
                  "confidence": "resolved",
                  "calls": []
                }
              ]
            },
            {
              "label": "DEACTIVATE",
              "terminates": false,
              "children": [
                {
                  "type": "call",
                  "method": "com.example.demo.entity.User#setActive(Boolean)",
                  "confidence": "resolved",
                  "calls": []
                }
              ]
            },
            {
              "label": "UNCHANGED",
              "terminates": false,
              "children": []
            }
          ]
        },
        {
          "type": "branch",
          "kind": "ternary",
          "condition_src": "request.getActive() == null",
          "condition": [
            {
              "type": "call",
              "method": "com.example.demo.dto.UpdateUserRequest#getActive()",
              "confidence": "resolved",
              "calls": []
            }
          ],
          "arms": [
            {
              "label": "then",
              "terminates": false,
              "children": [
                {
                  "type": "call",
                  "method": "com.example.demo.service.UserService#unchangedStatus(User)",
                  "confidence": "resolved",
                  "scope": "intra-class",
                  "calls": [
                    {
                      "type": "call",
                      "method": "com.example.demo.entity.User#getActive()",
                      "confidence": "resolved",
                      "calls": []
                    }
                  ]
                }
              ]
            },
            {
              "label": "else",
              "terminates": false,
              "children": [
                {
                  "type": "call",
                  "method": "com.example.demo.service.UserService#requestedStatus(UpdateUserRequest)",
                  "confidence": "resolved",
                  "scope": "intra-class",
                  "calls": [
                    {
                      "type": "call",
                      "method": "com.example.demo.dto.UpdateUserRequest#getActive()",
                      "confidence": "resolved",
                      "calls": []
                    }
                  ]
                }
              ]
            }
          ]
        },
        {
          "type": "branch",
          "kind": "try_catch",
          "condition_src": "try",
          "arms": [
            {
              "label": "try",
              "terminates": false,
              "children": [
                {
                  "type": "call",
                  "method": "com.example.demo.service.UserService#recordUpdateStatus(String)",
                  "confidence": "resolved",
                  "scope": "intra-class",
                  "calls": [
                    {
                      "type": "call",
                      "method": "String#trim()",
                      "confidence": "external",
                      "external_kind": "jdk-library",
                      "calls": []
                    }
                  ]
                }
              ]
            },
            {
              "label": "catch IllegalArgumentException ex",
              "terminates": false,
              "children": [
                {
                  "type": "call",
                  "method": "com.example.demo.service.UserService#recoverUpdateStatus(IllegalArgumentException)",
                  "confidence": "resolved",
                  "scope": "intra-class",
                  "calls": []
                }
              ]
            },
            {
              "label": "finally",
              "terminates": false,
              "children": [
                {
                  "type": "call",
                  "method": "com.example.demo.service.UserService#auditUpdateAttempt(User)",
                  "confidence": "resolved",
                  "scope": "intra-class",
                  "calls": [
                    {
                      "type": "call",
                      "method": "com.example.demo.entity.User#getId()",
                      "confidence": "resolved",
                      "calls": []
                    }
                  ]
                }
              ]
            }
          ]
        },
        {
          "type": "call",
          "method": "com.example.demo.repository.UserRepository#save(User)",
          "confidence": "external",
          "external_kind": "spring-data",
          "calls": []
        },
        {
          "type": "call",
          "method": "com.example.demo.service.UserService#toResponse(User)",
          "confidence": "resolved",
          "scope": "intra-class",
          "calls": [
            {
              "type": "call",
              "method": "com.example.demo.dto.UserResponse#<init>(Long, String, String, Integer, Boolean)",
              "confidence": "resolved",
              "inputs": [
                {
                  "type": "call",
                  "method": "com.example.demo.entity.User#getId()",
                  "confidence": "resolved",
                  "calls": []
                },
                {
                  "type": "call",
                  "method": "com.example.demo.entity.User#getName()",
                  "confidence": "resolved",
                  "calls": []
                },
                {
                  "type": "call",
                  "method": "com.example.demo.entity.User#getEmail()",
                  "confidence": "resolved",
                  "calls": []
                },
                {
                  "type": "call",
                  "method": "com.example.demo.entity.User#getAge()",
                  "confidence": "resolved",
                  "calls": []
                },
                {
                  "type": "call",
                  "method": "com.example.demo.entity.User#getActive()",
                  "confidence": "resolved",
                  "calls": []
                }
              ],
              "calls": []
            }
          ]
        }
      ]
    }
  ],
  "unresolved": [],
  "notes": [
    "Stream, Optional, and common JDK chain operators use a small hardcoded return-shape table; this is not a general type inferencer.",
    "Optional.orElseThrow return type is flattened to Object; generic-aware unwrapping is intentionally deferred.",
    "Optional present/empty behavior is rendered structurally, but JFM does not predict which arm runs for a request.",
    "AOP, @Transactional, @ControllerAdvice, DI qualifiers, Lombok, and Bean Validation are not modeled."
  ]
}
